// Jest Snapshot v1, https://goo.gl/fbAQLP

exports[` EligibilityContainer renders correctly 1`] = `
<EligibilityApplication
  checkApplicantEligiblity={[Function]}
/>
`;
